// Jest Snapshot v1, https://goo.gl/fbAQLP

exports[`renders NotificationsScreen correctly 1`] = `
<RNCSafeAreaProvider
  onInsetsChange={[Function]}
  style={
    [
      {
        "flex": 1,
      },
      undefined,
    ]
  }
>
  <View
    dataSet={{}}
    style={
      {
        "alignItems": "center",
        "height": "100%",
        "width": "100%",
      }
    }
  >
    <View
      dataSet={{}}
      style={
        {
          "width": "90%",
        }
      }
    >
      <RCTScrollView
        ListFooterComponent={false}
        contentContainerStyle={
          [
            {},
            {
              "dataSet": {},
            },
            {},
          ]
        }
        data={[]}
        dataSet={{}}
        getItem={[Function]}
        getItemCount={[Function]}
        keyExtractor={[Function]}
        onContentSizeChange={[Function]}
        onEndReached={[Function]}
        onLayout={[Function]}
        onMomentumScrollBegin={[Function]}
        onMomentumScrollEnd={[Function]}
        onRefresh={[Function]}
        onScroll={[Function]}
        onScrollBeginDrag={[Function]}
        onScrollEndDrag={[Function]}
        refreshControl={
          <RefreshControlMock
            onRefresh={[Function]}
            refreshing={false}
          />
        }
        refreshing={false}
        removeClippedSubviews={false}
        renderItem={[Function]}
        scrollEventThrottle={50}
        showsVerticalScrollIndicator={false}
        stickyHeaderIndices={[]}
        style={{}}
        viewabilityConfigCallbackPairs={[]}
      >
        <RCTRefreshControl />
        <View />
      </RCTScrollView>
    </View>
  </View>
</RNCSafeAreaProvider>
`;
