// Jest Snapshot v1, https://goo.gl/fbAQLP

exports[`Test Change Password Change password screen snapshot should match 1`] = `
<RNCSafeAreaProvider
  onInsetsChange={[Function]}
  style={
    [
      {
        "flex": 1,
      },
      undefined,
    ]
  }
>
  <View
    dataSet={{}}
    style={{}}
  >
    <View
      dataSet={{}}
      style={{}}
    >
      <View
        dataSet={{}}
        style={
          {
            "alignItems": "center",
            "display": "flex",
            "justifyContent": "center",
          }
        }
      >
        <View
          dataSet={{}}
          isInvalid={false}
          isRequired={true}
          style={
            {
              "marginTop": 20,
              "maxWidth": "80%",
              "width": "100%",
            }
          }
        >
          <View
            dataSet={{}}
            style={
              {
                "alignItems": "flex-start",
              }
            }
          >
            <View
              dataSet={{}}
              feedbackId="field-3-feedback"
              hasFeedbackText={true}
              hasHelpText={true}
              helpTextId="field-3-helptext"
              isDisabled={false}
              isInvalid={false}
              isReadOnly={false}
              isRequired={true}
              labelId="field-3-label"
              nativeID="field-3-label"
              setHasFeedbackText={[Function]}
              setHasHelpText={[Function]}
              style={
                {
                  "flexDirection": "row",
                  "justifyContent": "flex-start",
                  "marginBottom": 4,
                  "marginTop": 4,
                }
              }
            >
              <Text
                dataSet={{}}
                style={
                  {
                    "backgroundColor": undefined,
                    "color": "#737373",
                    "fontFamily": "Helvetica",
                    "fontSize": 14,
                    "fontStyle": "normal",
                    "fontWeight": "700",
                    "letterSpacing": 0,
                    "lineHeight": 21,
                    "textDecorationLine": undefined,
                  }
                }
              >
                Old Password
              </Text>
              <Text
                dataSet={{}}
                style={
                  {
                    "backgroundColor": undefined,
                    "color": "#dc2626",
                    "fontFamily": undefined,
                    "fontSize": 14,
                    "fontStyle": "normal",
                    "fontWeight": "400",
                    "letterSpacing": 0,
                    "lineHeight": 21,
                    "textDecorationLine": undefined,
                  }
                }
              >
                *
              </Text>
            </View>
            <View
              dataSet={{}}
              style={{}}
            />
            <View
              dataSet={{}}
              isFocused={false}
              style={
                {
                  "alignItems": "center",
                  "borderColor": "#d4d4d4",
                  "borderRadius": 25,
                  "borderWidth": 1,
                  "flexDirection": "row",
                  "height": 50,
                  "overflow": "hidden",
                  "width": "100%",
                }
              }
            >
              <TextInput
                accessibilityDescribedBy="field-3-feedback field-3-helptext"
                accessibilityRequired={true}
                accessible={true}
                dataSet={{}}
                disabled={false}
                editable={true}
                isRequired={true}
                nativeID="field-3-input"
                onBlur={[Function]}
                onChangeText={[Function]}
                onFocus={[Function]}
                onKeyPress={[Function]}
                placeholder="Enter Old Password"
                placeholderTextColor="#a3a3a3"
                readOnly={false}
                required={true}
                secureTextEntry={true}
                style={
                  {
                    "backgroundColor": "transparent",
                    "color": "#484848",
                    "flex": 1,
                    "fontFamily": "Helvetica",
                    "fontStyle": "normal",
                    "fontWeight": "400",
                    "height": "100%",
                    "paddingBottom": 8,
                    "paddingLeft": 12,
                    "paddingRight": 12,
                    "paddingTop": 8,
                    "width": "100%",
                  }
                }
                value=""
              />
              <View
                dataSet={{}}
                style={{}}
              />
              <Text />
            </View>
            <View
              dataSet={{}}
              style={{}}
            />
            <View
              dataSet={{}}
              style={{}}
            />
            <View
              dataSet={{}}
              feedbackId="field-3-feedback"
              hasFeedbackText={true}
              hasHelpText={true}
              helpTextId="field-3-helptext"
              isDisabled={false}
              isInvalid={false}
              isReadOnly={false}
              isRequired={true}
              labelId="field-3-label"
              nativeID="field-3-feedback"
              setHasFeedbackText={[Function]}
              setHasHelpText={[Function]}
              style={
                {
                  "marginTop": 8,
                }
              }
            />
          </View>
        </View>
        <View
          dataSet={{}}
          isInvalid={false}
          isRequired={true}
          style={
            {
              "marginTop": 20,
              "maxWidth": "80%",
              "width": "100%",
            }
          }
        >
          <View
            dataSet={{}}
            style={
              {
                "alignItems": "flex-start",
              }
            }
          >
            <View
              dataSet={{}}
              feedbackId="field-4-feedback"
              hasFeedbackText={true}
              hasHelpText={true}
              helpTextId="field-4-helptext"
              isDisabled={false}
              isInvalid={false}
              isReadOnly={false}
              isRequired={true}
              labelId="field-4-label"
              nativeID="field-4-label"
              setHasFeedbackText={[Function]}
              setHasHelpText={[Function]}
              style={
                {
                  "flexDirection": "row",
                  "justifyContent": "flex-start",
                  "marginBottom": 4,
                  "marginTop": 4,
                }
              }
            >
              <Text
                dataSet={{}}
                style={
                  {
                    "backgroundColor": undefined,
                    "color": "#737373",
                    "fontFamily": "Helvetica",
                    "fontSize": 14,
                    "fontStyle": "normal",
                    "fontWeight": "700",
                    "letterSpacing": 0,
                    "lineHeight": 21,
                    "textDecorationLine": undefined,
                  }
                }
              >
                New Password
              </Text>
              <Text
                dataSet={{}}
                style={
                  {
                    "backgroundColor": undefined,
                    "color": "#dc2626",
                    "fontFamily": undefined,
                    "fontSize": 14,
                    "fontStyle": "normal",
                    "fontWeight": "400",
                    "letterSpacing": 0,
                    "lineHeight": 21,
                    "textDecorationLine": undefined,
                  }
                }
              >
                *
              </Text>
            </View>
            <View
              dataSet={{}}
              style={{}}
            />
            <View
              dataSet={{}}
              isFocused={false}
              style={
                {
                  "alignItems": "center",
                  "borderColor": "#d4d4d4",
                  "borderRadius": 25,
                  "borderWidth": 1,
                  "flexDirection": "row",
                  "height": 50,
                  "overflow": "hidden",
                  "width": "100%",
                }
              }
            >
              <TextInput
                accessibilityDescribedBy="field-4-feedback field-4-helptext"
                accessibilityRequired={true}
                accessible={true}
                dataSet={{}}
                disabled={false}
                editable={true}
                isRequired={true}
                nativeID="field-4-input"
                onBlur={[Function]}
                onChangeText={[Function]}
                onFocus={[Function]}
                onKeyPress={[Function]}
                placeholder="Enter New Password"
                placeholderTextColor="#a3a3a3"
                readOnly={false}
                required={true}
                secureTextEntry={true}
                style={
                  {
                    "backgroundColor": "transparent",
                    "color": "#484848",
                    "flex": 1,
                    "fontFamily": "Helvetica",
                    "fontStyle": "normal",
                    "fontWeight": "400",
                    "height": "100%",
                    "paddingBottom": 8,
                    "paddingLeft": 12,
                    "paddingRight": 12,
                    "paddingTop": 8,
                    "width": "100%",
                  }
                }
                value=""
              />
              <View
                dataSet={{}}
                style={{}}
              />
              <Text />
            </View>
            <View
              dataSet={{}}
              style={{}}
            />
            <View
              dataSet={{}}
              style={{}}
            />
            <View
              dataSet={{}}
              feedbackId="field-4-feedback"
              hasFeedbackText={true}
              hasHelpText={true}
              helpTextId="field-4-helptext"
              isDisabled={false}
              isInvalid={false}
              isReadOnly={false}
              isRequired={true}
              labelId="field-4-label"
              nativeID="field-4-feedback"
              setHasFeedbackText={[Function]}
              setHasHelpText={[Function]}
              style={
                {
                  "marginTop": 8,
                }
              }
            >
              <Text
                dataSet={{}}
                style={
                  {
                    "backgroundColor": undefined,
                    "color": "#737373",
                    "fontFamily": undefined,
                    "fontSize": 12,
                    "fontStyle": "normal",
                    "fontWeight": "400",
                    "letterSpacing": 0,
                    "lineHeight": 18,
                    "textDecorationLine": undefined,
                  }
                }
              >
                Password must contain one uppercase, one lowercase and one non-alphanumeric.
              </Text>
            </View>
          </View>
        </View>
        <View
          dataSet={{}}
          style={
            {
              "maxWidth": "70%",
            }
          }
        />
        <View
          dataSet={{}}
          style={
            [
              {},
              {
                "alignSelf": "center",
                "paddingVertical": 30,
                "width": "50%",
              },
            ]
          }
        >
          <View
            accessible={true}
            collapsable={false}
            focusable={true}
            onClick={[Function]}
            onResponderGrant={[Function]}
            onResponderMove={[Function]}
            onResponderRelease={[Function]}
            onResponderTerminate={[Function]}
            onResponderTerminationRequest={[Function]}
            onStartShouldSetResponder={[Function]}
            style={
              {
                "alignItems": "center",
                "backgroundColor": "#019192",
                "borderRadius": 25,
                "justifyContent": "center",
                "opacity": 1,
                "padding": 15,
                "width": "100%",
              }
            }
          >
            <Text
              style={
                {
                  "color": "#F3ECE4",
                  "fontSize": 18,
                  "fontWeight": "bold",
                  "textTransform": "uppercase",
                }
              }
            >
              Confirm
            </Text>
          </View>
        </View>
      </View>
    </View>
  </View>
</RNCSafeAreaProvider>
`;
